2026-08-23 09:50:18.683 +03:00 [INF] Applying database migrations
2026-08-23 09:50:18.857 +03:00 [INF] Acquiring an exclusive lock for migration application. See https://aka.ms/efcore-docs-migrations-lock for more information if this takes too long.
2026-08-23 09:50:18.935 +03:00 [INF] No migrations were applied. The database is already up to date.
2026-08-23 09:50:19.411 +03:00 [INF] Database seed completed
2026-08-23 09:50:19.415 +03:00 [INF] Application started. Press Ctrl+C to shut down.
2026-08-23 09:50:19.416 +03:00 [INF] Hosting environment: Production
2026-08-23 09:50:19.416 +03:00 [INF] Content root path: E:\EL ZEABAK BookStore\EL ZEABAK BookStore
2026-08-23 09:50:19.417 +03:00 [INF] Application start
2026-08-23 09:50:19.417 +03:00 [INF] Runtime folder verified: Database
2026-08-23 09:50:19.418 +03:00 [INF] Runtime folder verified: Logs
2026-08-23 09:50:19.418 +03:00 [INF] Runtime folder verified: Backups
2026-08-23 09:50:19.418 +03:00 [INF] Runtime folder verified: Exports
2026-08-23 09:50:19.418 +03:00 [INF] Runtime folder verified: Temp
2026-08-23 09:50:19.595 +03:00 [INF] UI culture applied: ar-EG
2026-08-23 09:50:19.644 +03:00 [INF] Theme applied: Dark
2026-08-23 09:50:19.665 +03:00 [INF] Currency formatting applied: EGP (Before, 2 dp)
2026-08-23 09:50:19.880 +03:00 [INF] Remembered session restored. UserId="cbdae80e-cd81-4891-b80f-8e7faeb03d01"
2026-08-23 09:50:20.033 +03:00 [INF] Report opened: Reports Dashboard
2026-08-23 09:50:20.177 +03:00 [INF] Report generated: Reports Dashboard in 143 ms
2026-08-23 09:50:20.178 +03:00 [INF] Report opened: Sales Summary
2026-08-23 09:50:20.179 +03:00 [INF] Report generated: Sales Summary in 1 ms
2026-08-23 09:50:22.529 +03:00 [INF] Automatic backup started.
2026-08-23 09:50:22.537 +03:00 [INF] Backup started. BackupId="9eeee02f-7270-4207-a550-84e178ab1b04" Type="Automatic" User=admin Machine=DAKCA029019
2026-08-23 09:50:22.608 +03:00 [INF] Backup completed. BackupId="9eeee02f-7270-4207-a550-84e178ab1b04" Result="Valid" Duration="00:00:00.0770356"
2026-08-23 10:14:19.210 +03:00 [INF] Applying database migrations
2026-08-23 10:14:19.378 +03:00 [INF] Acquiring an exclusive lock for migration application. See https://aka.ms/efcore-docs-migrations-lock for more information if this takes too long.
2026-08-23 10:14:19.451 +03:00 [INF] No migrations were applied. The database is already up to date.
2026-08-23 10:14:19.862 +03:00 [INF] Database seed completed
2026-08-23 10:14:19.865 +03:00 [INF] Application started. Press Ctrl+C to shut down.
2026-08-23 10:14:19.866 +03:00 [INF] Hosting environment: Production
2026-08-23 10:14:19.866 +03:00 [INF] Content root path: E:\EL ZEABAK BookStore\EL ZEABAK BookStore
2026-08-23 10:14:19.866 +03:00 [INF] Application start
2026-08-23 10:14:19.867 +03:00 [INF] Runtime folder verified: Database
2026-08-23 10:14:19.867 +03:00 [INF] Runtime folder verified: Logs
2026-08-23 10:14:19.867 +03:00 [INF] Runtime folder verified: Backups
2026-08-23 10:14:19.867 +03:00 [INF] Runtime folder verified: Exports
2026-08-23 10:14:19.867 +03:00 [INF] Runtime folder verified: Temp
2026-08-23 10:14:19.955 +03:00 [INF] UI culture applied: ar-EG
2026-08-23 10:14:20.000 +03:00 [INF] Theme applied: Dark
2026-08-23 10:14:20.020 +03:00 [INF] Currency formatting applied: EGP (Before, 2 dp)
2026-08-23 10:14:20.165 +03:00 [INF] Remembered session restored. UserId="cbdae80e-cd81-4891-b80f-8e7faeb03d01"
2026-08-23 10:14:20.308 +03:00 [INF] Report opened: Reports Dashboard
2026-08-23 10:14:20.412 +03:00 [INF] Report generated: Reports Dashboard in 104 ms
2026-08-23 10:14:20.414 +03:00 [INF] Report opened: Sales Summary
2026-08-23 10:14:20.415 +03:00 [INF] Report generated: Sales Summary in 1 ms
2026-08-23 10:35:54.312 +03:00 [INF] Applying database migrations
2026-08-23 10:35:54.478 +03:00 [INF] Acquiring an exclusive lock for migration application. See https://aka.ms/efcore-docs-migrations-lock for more information if this takes too long.
2026-08-23 10:35:54.550 +03:00 [INF] No migrations were applied. The database is already up to date.
2026-08-23 10:35:54.925 +03:00 [INF] Database seed completed
2026-08-23 10:35:54.928 +03:00 [INF] Application started. Press Ctrl+C to shut down.
2026-08-23 10:35:54.929 +03:00 [INF] Hosting environment: Production
2026-08-23 10:35:54.930 +03:00 [INF] Content root path: E:\EL ZEABAK BookStore\EL ZEABAK BookStore
2026-08-23 10:35:54.930 +03:00 [INF] Application start
2026-08-23 10:35:54.931 +03:00 [INF] Runtime folder verified: Database
2026-08-23 10:35:54.931 +03:00 [INF] Runtime folder verified: Logs
2026-08-23 10:35:54.931 +03:00 [INF] Runtime folder verified: Backups
2026-08-23 10:35:54.931 +03:00 [INF] Runtime folder verified: Exports
2026-08-23 10:35:54.931 +03:00 [INF] Runtime folder verified: Temp
2026-08-23 10:35:55.079 +03:00 [INF] UI culture applied: ar-EG
2026-08-23 10:35:55.119 +03:00 [INF] Theme applied: Dark
2026-08-23 10:35:55.136 +03:00 [INF] Currency formatting applied: EGP (Before, 2 dp)
2026-08-23 10:35:55.313 +03:00 [INF] Remembered session restored. UserId="cbdae80e-cd81-4891-b80f-8e7faeb03d01"
2026-08-23 10:35:55.444 +03:00 [INF] Report opened: Reports Dashboard
2026-08-23 10:35:55.540 +03:00 [INF] Report generated: Reports Dashboard in 96 ms
2026-08-23 10:35:55.546 +03:00 [INF] Report opened: Sales Summary
2026-08-23 10:35:55.547 +03:00 [INF] Report generated: Sales Summary in 1 ms
2026-08-23 10:38:41.691 +03:00 [WRN] You do not have a valid license key for the Lucky Penny software AutoMapper. This is allowed for development and testing scenarios. If you are running in production you are required to have a licensed version. Please visit https://luckypennysoftware.com to obtain a valid license.
2026-08-23 10:38:41.921 +03:00 [INF] POS invoice opened. Invoice=POS-20260823073841702-B9E6 Cashier=Mansour Maged OpenCount=1
2026-08-23 10:38:44.626 +03:00 [INF] Report opened: Reports Dashboard
2026-08-23 10:38:44.631 +03:00 [INF] Report generated: Reports Dashboard in 5 ms
2026-08-23 10:38:44.631 +03:00 [INF] Report opened: Sales Summary
2026-08-23 10:38:44.632 +03:00 [INF] Report generated: Sales Summary in 0 ms
2026-08-23 10:38:48.226 +03:00 [INF] Theme applied: Light
2026-08-23 10:46:40.043 +03:00 [INF] Applying database migrations
2026-08-23 10:46:40.231 +03:00 [INF] Acquiring an exclusive lock for migration application. See https://aka.ms/efcore-docs-migrations-lock for more information if this takes too long.
2026-08-23 10:46:40.307 +03:00 [INF] No migrations were applied. The database is already up to date.
2026-08-23 10:46:40.686 +03:00 [INF] Database seed completed
2026-08-23 10:46:40.688 +03:00 [INF] Application started. Press Ctrl+C to shut down.
2026-08-23 10:46:40.689 +03:00 [INF] Hosting environment: Production
2026-08-23 10:46:40.689 +03:00 [INF] Content root path: E:\EL ZEABAK BookStore\EL ZEABAK BookStore
2026-08-23 10:46:40.689 +03:00 [INF] Application start
2026-08-23 10:46:40.690 +03:00 [INF] Runtime folder verified: Database
2026-08-23 10:46:40.690 +03:00 [INF] Runtime folder verified: Logs
2026-08-23 10:46:40.690 +03:00 [INF] Runtime folder verified: Backups
2026-08-23 10:46:40.690 +03:00 [INF] Runtime folder verified: Exports
2026-08-23 10:46:40.690 +03:00 [INF] Runtime folder verified: Temp
2026-08-23 10:46:40.780 +03:00 [INF] UI culture applied: ar-EG
2026-08-23 10:46:40.823 +03:00 [INF] Theme applied: Dark
2026-08-23 10:46:40.839 +03:00 [INF] Currency formatting applied: EGP (Before, 2 dp)
2026-08-23 10:46:40.957 +03:00 [INF] Remembered session restored. UserId="cbdae80e-cd81-4891-b80f-8e7faeb03d01"
2026-08-23 10:46:41.089 +03:00 [INF] Report opened: Reports Dashboard
2026-08-23 10:46:41.185 +03:00 [INF] Report generated: Reports Dashboard in 95 ms
2026-08-23 10:46:41.186 +03:00 [INF] Report opened: Sales Summary
2026-08-23 10:46:41.192 +03:00 [INF] Report generated: Sales Summary in 5 ms
2026-08-23 10:47:29.446 +03:00 [WRN] You do not have a valid license key for the Lucky Penny software AutoMapper. This is allowed for development and testing scenarios. If you are running in production you are required to have a licensed version. Please visit https://luckypennysoftware.com to obtain a valid license.
2026-08-23 10:47:29.692 +03:00 [INF] POS invoice re-opened. Invoice=POS-20260823073841702-B9E6 Lines=0
2026-08-23 10:50:48.553 +03:00 [INF] Applying database migrations
2026-08-23 10:50:48.696 +03:00 [INF] Acquiring an exclusive lock for migration application. See https://aka.ms/efcore-docs-migrations-lock for more information if this takes too long.
2026-08-23 10:50:48.766 +03:00 [INF] No migrations were applied. The database is already up to date.
2026-08-23 10:50:49.164 +03:00 [INF] Database seed completed
2026-08-23 10:50:49.167 +03:00 [INF] Application started. Press Ctrl+C to shut down.
2026-08-23 10:50:49.167 +03:00 [INF] Hosting environment: Production
2026-08-23 10:50:49.167 +03:00 [INF] Content root path: E:\EL ZEABAK BookStore\EL ZEABAK BookStore
2026-08-23 10:50:49.168 +03:00 [INF] Application start
2026-08-23 10:50:49.168 +03:00 [INF] Runtime folder verified: Database
2026-08-23 10:50:49.168 +03:00 [INF] Runtime folder verified: Logs
2026-08-23 10:50:49.168 +03:00 [INF] Runtime folder verified: Backups
2026-08-23 10:50:49.168 +03:00 [INF] Runtime folder verified: Exports
2026-08-23 10:50:49.168 +03:00 [INF] Runtime folder verified: Temp
2026-08-23 10:50:49.258 +03:00 [INF] UI culture applied: ar-EG
2026-08-23 10:50:49.303 +03:00 [INF] Theme applied: Dark
2026-08-23 10:50:49.320 +03:00 [INF] Currency formatting applied: EGP (Before, 2 dp)
2026-08-23 10:50:49.443 +03:00 [INF] Remembered session restored. UserId="cbdae80e-cd81-4891-b80f-8e7faeb03d01"
2026-08-23 10:50:49.565 +03:00 [INF] Report opened: Reports Dashboard
2026-08-23 10:50:49.659 +03:00 [INF] Report generated: Reports Dashboard in 94 ms
2026-08-23 10:50:49.661 +03:00 [INF] Report opened: Sales Summary
2026-08-23 10:50:49.666 +03:00 [INF] Report generated: Sales Summary in 4 ms
2026-08-23 10:51:05.824 +03:00 [WRN] You do not have a valid license key for the Lucky Penny software AutoMapper. This is allowed for development and testing scenarios. If you are running in production you are required to have a licensed version. Please visit https://luckypennysoftware.com to obtain a valid license.
2026-08-23 10:51:06.049 +03:00 [INF] POS invoice re-opened. Invoice=POS-20260823073841702-B9E6 Lines=0
2026-08-23 10:52:07.433 +03:00 [INF] Settings changed. Category="Appearance" Key=Settings.Appearance User=admin OldValuePresent=true
2026-08-23 10:52:07.620 +03:00 [INF] UI culture applied: en-US
2026-08-23 10:52:07.631 +03:00 [INF] Theme applied: Dark
2026-08-23 10:52:07.690 +03:00 [INF] Settings changed. Category="Appearance" Key=Settings.Appearance User=admin OldValuePresent=true
2026-08-23 10:52:07.828 +03:00 [INF] UI culture applied: ar-EG
2026-08-23 10:52:07.834 +03:00 [INF] Theme applied: Dark
2026-08-23 10:53:14.260 +03:00 [INF] Applying database migrations
2026-08-23 10:53:14.441 +03:00 [INF] Acquiring an exclusive lock for migration application. See https://aka.ms/efcore-docs-migrations-lock for more information if this takes too long.
2026-08-23 10:53:14.517 +03:00 [INF] No migrations were applied. The database is already up to date.
2026-08-23 10:53:14.970 +03:00 [INF] Database seed completed
2026-08-23 10:53:14.973 +03:00 [INF] Application started. Press Ctrl+C to shut down.
2026-08-23 10:53:14.973 +03:00 [INF] Hosting environment: Production
2026-08-23 10:53:14.973 +03:00 [INF] Content root path: E:\EL ZEABAK BookStore\EL ZEABAK BookStore
2026-08-23 10:53:14.974 +03:00 [INF] Application start
2026-08-23 10:53:14.974 +03:00 [INF] Runtime folder verified: Database
2026-08-23 10:53:14.974 +03:00 [INF] Runtime folder verified: Logs
2026-08-23 10:53:14.974 +03:00 [INF] Runtime folder verified: Backups
2026-08-23 10:53:14.974 +03:00 [INF] Runtime folder verified: Exports
2026-08-23 10:53:14.975 +03:00 [INF] Runtime folder verified: Temp
2026-08-23 10:53:15.066 +03:00 [INF] UI culture applied: ar-EG
2026-08-23 10:53:15.111 +03:00 [INF] Theme applied: Dark
2026-08-23 10:53:15.131 +03:00 [INF] Currency formatting applied: EGP (Before, 2 dp)
2026-08-23 10:53:15.281 +03:00 [INF] Remembered session restored. UserId="cbdae80e-cd81-4891-b80f-8e7faeb03d01"
2026-08-23 10:53:15.419 +03:00 [INF] Report opened: Reports Dashboard
2026-08-23 10:53:15.548 +03:00 [INF] Report generated: Reports Dashboard in 129 ms
2026-08-23 10:53:15.550 +03:00 [INF] Report opened: Sales Summary
2026-08-23 10:53:15.552 +03:00 [INF] Report generated: Sales Summary in 1 ms
2026-08-23 10:53:31.434 +03:00 [WRN] You do not have a valid license key for the Lucky Penny software AutoMapper. This is allowed for development and testing scenarios. If you are running in production you are required to have a licensed version. Please visit https://luckypennysoftware.com to obtain a valid license.
2026-08-23 10:53:31.714 +03:00 [INF] POS invoice re-opened. Invoice=POS-20260823073841702-B9E6 Lines=0
2026-08-23 10:54:33.052 +03:00 [INF] Applying database migrations
2026-08-23 10:54:33.295 +03:00 [INF] Acquiring an exclusive lock for migration application. See https://aka.ms/efcore-docs-migrations-lock for more information if this takes too long.
2026-08-23 10:54:33.402 +03:00 [INF] No migrations were applied. The database is already up to date.
2026-08-23 10:54:33.974 +03:00 [INF] Database seed completed
2026-08-23 10:54:33.978 +03:00 [INF] Application started. Press Ctrl+C to shut down.
2026-08-23 10:54:33.978 +03:00 [INF] Hosting environment: Production
2026-08-23 10:54:33.979 +03:00 [INF] Content root path: E:\EL ZEABAK BookStore\EL ZEABAK BookStore
2026-08-23 10:54:33.979 +03:00 [INF] Application start
2026-08-23 10:54:33.980 +03:00 [INF] Runtime folder verified: Database
2026-08-23 10:54:33.980 +03:00 [INF] Runtime folder verified: Logs
2026-08-23 10:54:33.980 +03:00 [INF] Runtime folder verified: Backups
2026-08-23 10:54:33.980 +03:00 [INF] Runtime folder verified: Exports
2026-08-23 10:54:33.980 +03:00 [INF] Runtime folder verified: Temp
2026-08-23 10:54:34.110 +03:00 [INF] UI culture applied: ar-EG
2026-08-23 10:54:34.174 +03:00 [INF] Theme applied: Dark
2026-08-23 10:54:34.203 +03:00 [INF] Currency formatting applied: EGP (Before, 2 dp)
2026-08-23 10:54:34.378 +03:00 [INF] Remembered session restored. UserId="cbdae80e-cd81-4891-b80f-8e7faeb03d01"
2026-08-23 10:54:34.558 +03:00 [INF] Report opened: Reports Dashboard
2026-08-23 10:54:34.695 +03:00 [INF] Report generated: Reports Dashboard in 137 ms
2026-08-23 10:54:34.697 +03:00 [INF] Report opened: Sales Summary
2026-08-23 10:54:34.699 +03:00 [INF] Report generated: Sales Summary in 1 ms
2026-08-23 10:54:49.646 +03:00 [WRN] You do not have a valid license key for the Lucky Penny software AutoMapper. This is allowed for development and testing scenarios. If you are running in production you are required to have a licensed version. Please visit https://luckypennysoftware.com to obtain a valid license.
2026-08-23 10:54:49.945 +03:00 [INF] POS invoice re-opened. Invoice=POS-20260823073841702-B9E6 Lines=0
2026-08-23 11:01:44.562 +03:00 [INF] Applying database migrations
2026-08-23 11:01:44.712 +03:00 [INF] Acquiring an exclusive lock for migration application. See https://aka.ms/efcore-docs-migrations-lock for more information if this takes too long.
2026-08-23 11:01:44.774 +03:00 [INF] No migrations were applied. The database is already up to date.
2026-08-23 11:01:45.128 +03:00 [INF] Database seed completed
2026-08-23 11:01:45.130 +03:00 [INF] Application started. Press Ctrl+C to shut down.
2026-08-23 11:01:45.131 +03:00 [INF] Hosting environment: Production
2026-08-23 11:01:45.131 +03:00 [INF] Content root path: E:\EL ZEABAK BookStore\EL ZEABAK BookStore
2026-08-23 11:01:45.131 +03:00 [INF] Application start
2026-08-23 11:01:45.132 +03:00 [INF] Runtime folder verified: Database
2026-08-23 11:01:45.132 +03:00 [INF] Runtime folder verified: Logs
2026-08-23 11:01:45.132 +03:00 [INF] Runtime folder verified: Backups
2026-08-23 11:01:45.132 +03:00 [INF] Runtime folder verified: Exports
2026-08-23 11:01:45.132 +03:00 [INF] Runtime folder verified: Temp
2026-08-23 11:01:45.217 +03:00 [INF] UI culture applied: ar-EG
2026-08-23 11:01:45.258 +03:00 [INF] Theme applied: Dark
2026-08-23 11:01:45.276 +03:00 [INF] Currency formatting applied: EGP (Before, 2 dp)
2026-08-23 11:01:45.401 +03:00 [INF] Remembered session restored. UserId="cbdae80e-cd81-4891-b80f-8e7faeb03d01"
2026-08-23 11:01:45.527 +03:00 [INF] Report opened: Reports Dashboard
2026-08-23 11:01:45.627 +03:00 [INF] Report generated: Reports Dashboard in 100 ms
2026-08-23 11:01:45.628 +03:00 [INF] Report opened: Sales Summary
2026-08-23 11:01:45.629 +03:00 [INF] Report generated: Sales Summary in 0 ms
2026-08-23 11:11:44.805 +03:00 [INF] Applying database migrations
2026-08-23 11:11:44.971 +03:00 [INF] Acquiring an exclusive lock for migration application. See https://aka.ms/efcore-docs-migrations-lock for more information if this takes too long.
2026-08-23 11:11:45.042 +03:00 [INF] No migrations were applied. The database is already up to date.
2026-08-23 11:11:45.440 +03:00 [INF] Database seed completed
2026-08-23 11:11:45.443 +03:00 [INF] Application started. Press Ctrl+C to shut down.
2026-08-23 11:11:45.443 +03:00 [INF] Hosting environment: Production
2026-08-23 11:11:45.444 +03:00 [INF] Content root path: E:\EL ZEABAK BookStore\EL ZEABAK BookStore
2026-08-23 11:11:45.444 +03:00 [INF] Application start
2026-08-23 11:11:45.444 +03:00 [INF] Runtime folder verified: Database
2026-08-23 11:11:45.444 +03:00 [INF] Runtime folder verified: Logs
2026-08-23 11:11:45.444 +03:00 [INF] Runtime folder verified: Backups
2026-08-23 11:11:45.445 +03:00 [INF] Runtime folder verified: Exports
2026-08-23 11:11:45.445 +03:00 [INF] Runtime folder verified: Temp
2026-08-23 11:11:45.545 +03:00 [INF] UI culture applied: ar-EG
2026-08-23 11:11:45.590 +03:00 [INF] Theme applied: Dark
2026-08-23 11:11:45.609 +03:00 [INF] Currency formatting applied: EGP (Before, 2 dp)
2026-08-23 11:11:45.749 +03:00 [INF] Remembered session restored. UserId="cbdae80e-cd81-4891-b80f-8e7faeb03d01"
2026-08-23 11:11:45.879 +03:00 [INF] Report opened: Reports Dashboard
2026-08-23 11:11:45.989 +03:00 [INF] Report generated: Reports Dashboard in 109 ms
2026-08-23 11:11:45.990 +03:00 [INF] Report opened: Sales Summary
2026-08-23 11:11:45.996 +03:00 [INF] Report generated: Sales Summary in 5 ms
2026-08-23 11:12:34.184 +03:00 [WRN] You do not have a valid license key for the Lucky Penny software AutoMapper. This is allowed for development and testing scenarios. If you are running in production you are required to have a licensed version. Please visit https://luckypennysoftware.com to obtain a valid license.
2026-08-23 11:12:34.462 +03:00 [INF] POS invoice re-opened. Invoice=POS-20260823073841702-B9E6 Lines=0
2026-08-23 11:16:36.460 +03:00 [INF] Applying database migrations
2026-08-23 11:16:36.609 +03:00 [INF] Acquiring an exclusive lock for migration application. See https://aka.ms/efcore-docs-migrations-lock for more information if this takes too long.
2026-08-23 11:16:36.695 +03:00 [INF] No migrations were applied. The database is already up to date.
2026-08-23 11:16:37.056 +03:00 [INF] Database seed completed
2026-08-23 11:16:37.059 +03:00 [INF] Application started. Press Ctrl+C to shut down.
2026-08-23 11:16:37.059 +03:00 [INF] Hosting environment: Production
2026-08-23 11:16:37.060 +03:00 [INF] Content root path: E:\EL ZEABAK BookStore\EL ZEABAK BookStore
2026-08-23 11:16:37.060 +03:00 [INF] Application start
2026-08-23 11:16:37.060 +03:00 [INF] Runtime folder verified: Database
2026-08-23 11:16:37.060 +03:00 [INF] Runtime folder verified: Logs
2026-08-23 11:16:37.060 +03:00 [INF] Runtime folder verified: Backups
2026-08-23 11:16:37.060 +03:00 [INF] Runtime folder verified: Exports
2026-08-23 11:16:37.061 +03:00 [INF] Runtime folder verified: Temp
2026-08-23 11:16:37.155 +03:00 [INF] UI culture applied: ar-EG
2026-08-23 11:16:37.197 +03:00 [INF] Theme applied: Dark
2026-08-23 11:16:37.215 +03:00 [INF] Currency formatting applied: EGP (Before, 2 dp)
2026-08-23 11:16:37.342 +03:00 [INF] Remembered session restored. UserId="cbdae80e-cd81-4891-b80f-8e7faeb03d01"
2026-08-23 11:16:37.461 +03:00 [INF] Report opened: Reports Dashboard
2026-08-23 11:16:37.552 +03:00 [INF] Report generated: Reports Dashboard in 91 ms
2026-08-23 11:16:37.553 +03:00 [INF] Report opened: Sales Summary
2026-08-23 11:16:37.554 +03:00 [INF] Report generated: Sales Summary in 0 ms
2026-08-23 11:16:53.652 +03:00 [WRN] You do not have a valid license key for the Lucky Penny software AutoMapper. This is allowed for development and testing scenarios. If you are running in production you are required to have a licensed version. Please visit https://luckypennysoftware.com to obtain a valid license.
2026-08-23 11:16:53.901 +03:00 [INF] POS invoice re-opened. Invoice=POS-20260823073841702-B9E6 Lines=0
2026-08-23 11:19:56.954 +03:00 [INF] Applying database migrations
2026-08-23 11:19:57.096 +03:00 [INF] Acquiring an exclusive lock for migration application. See https://aka.ms/efcore-docs-migrations-lock for more information if this takes too long.
2026-08-23 11:19:57.175 +03:00 [INF] No migrations were applied. The database is already up to date.
2026-08-23 11:19:57.542 +03:00 [INF] Database seed completed
2026-08-23 11:19:57.544 +03:00 [INF] Application started. Press Ctrl+C to shut down.
2026-08-23 11:19:57.545 +03:00 [INF] Hosting environment: Production
2026-08-23 11:19:57.545 +03:00 [INF] Content root path: E:\EL ZEABAK BookStore\EL ZEABAK BookStore
2026-08-23 11:19:57.545 +03:00 [INF] Application start
2026-08-23 11:19:57.546 +03:00 [INF] Runtime folder verified: Database
2026-08-23 11:19:57.546 +03:00 [INF] Runtime folder verified: Logs
2026-08-23 11:19:57.546 +03:00 [INF] Runtime folder verified: Backups
2026-08-23 11:19:57.546 +03:00 [INF] Runtime folder verified: Exports
2026-08-23 11:19:57.546 +03:00 [INF] Runtime folder verified: Temp
2026-08-23 11:19:57.634 +03:00 [INF] UI culture applied: ar-EG
2026-08-23 11:19:57.673 +03:00 [INF] Theme applied: Dark
2026-08-23 11:19:57.691 +03:00 [INF] Currency formatting applied: EGP (Before, 2 dp)
2026-08-23 11:19:57.816 +03:00 [INF] Remembered session restored. UserId="cbdae80e-cd81-4891-b80f-8e7faeb03d01"
2026-08-23 11:19:57.928 +03:00 [INF] Report opened: Reports Dashboard
2026-08-23 11:19:58.027 +03:00 [INF] Report generated: Reports Dashboard in 99 ms
2026-08-23 11:19:58.028 +03:00 [INF] Report opened: Sales Summary
2026-08-23 11:19:58.029 +03:00 [INF] Report generated: Sales Summary in 1 ms
2026-08-23 11:20:14.173 +03:00 [WRN] You do not have a valid license key for the Lucky Penny software AutoMapper. This is allowed for development and testing scenarios. If you are running in production you are required to have a licensed version. Please visit https://luckypennysoftware.com to obtain a valid license.
2026-08-23 11:20:14.408 +03:00 [INF] POS invoice re-opened. Invoice=POS-20260823073841702-B9E6 Lines=0
2026-08-23 11:21:52.999 +03:00 [INF] Applying database migrations
2026-08-23 11:21:53.232 +03:00 [INF] Acquiring an exclusive lock for migration application. See https://aka.ms/efcore-docs-migrations-lock for more information if this takes too long.
2026-08-23 11:21:53.317 +03:00 [INF] No migrations were applied. The database is already up to date.
2026-08-23 11:21:53.745 +03:00 [INF] Database seed completed
2026-08-23 11:21:53.748 +03:00 [INF] Application started. Press Ctrl+C to shut down.
2026-08-23 11:21:53.749 +03:00 [INF] Hosting environment: Production
2026-08-23 11:21:53.749 +03:00 [INF] Content root path: E:\EL ZEABAK BookStore\EL ZEABAK BookStore
2026-08-23 11:21:53.749 +03:00 [INF] Application start
2026-08-23 11:21:53.750 +03:00 [INF] Runtime folder verified: Database
2026-08-23 11:21:53.750 +03:00 [INF] Runtime folder verified: Logs
2026-08-23 11:21:53.750 +03:00 [INF] Runtime folder verified: Backups
2026-08-23 11:21:53.750 +03:00 [INF] Runtime folder verified: Exports
2026-08-23 11:21:53.750 +03:00 [INF] Runtime folder verified: Temp
2026-08-23 11:21:53.843 +03:00 [INF] UI culture applied: ar-EG
2026-08-23 11:21:53.883 +03:00 [INF] Theme applied: Dark
2026-08-23 11:21:53.902 +03:00 [INF] Currency formatting applied: EGP (Before, 2 dp)
2026-08-23 11:21:54.021 +03:00 [INF] Remembered session restored. UserId="cbdae80e-cd81-4891-b80f-8e7faeb03d01"
2026-08-23 11:21:54.150 +03:00 [INF] Report opened: Reports Dashboard
2026-08-23 11:21:54.261 +03:00 [INF] Report generated: Reports Dashboard in 110 ms
2026-08-23 11:21:54.262 +03:00 [INF] Report opened: Sales Summary
2026-08-23 11:21:54.263 +03:00 [INF] Report generated: Sales Summary in 1 ms
2026-08-23 11:22:10.006 +03:00 [WRN] You do not have a valid license key for the Lucky Penny software AutoMapper. This is allowed for development and testing scenarios. If you are running in production you are required to have a licensed version. Please visit https://luckypennysoftware.com to obtain a valid license.
2026-08-23 11:22:10.265 +03:00 [INF] POS invoice re-opened. Invoice=POS-20260823073841702-B9E6 Lines=0
2026-08-23 11:23:28.151 +03:00 [INF] Applying database migrations
2026-08-23 11:23:28.304 +03:00 [INF] Acquiring an exclusive lock for migration application. See https://aka.ms/efcore-docs-migrations-lock for more information if this takes too long.
2026-08-23 11:23:28.374 +03:00 [INF] No migrations were applied. The database is already up to date.
2026-08-23 11:23:28.734 +03:00 [INF] Database seed completed
2026-08-23 11:23:28.737 +03:00 [INF] Application started. Press Ctrl+C to shut down.
2026-08-23 11:23:28.737 +03:00 [INF] Hosting environment: Production
2026-08-23 11:23:28.737 +03:00 [INF] Content root path: E:\EL ZEABAK BookStore\EL ZEABAK BookStore
2026-08-23 11:23:28.737 +03:00 [INF] Application start
2026-08-23 11:23:28.738 +03:00 [INF] Runtime folder verified: Database
2026-08-23 11:23:28.738 +03:00 [INF] Runtime folder verified: Logs
2026-08-23 11:23:28.738 +03:00 [INF] Runtime folder verified: Backups
2026-08-23 11:23:28.738 +03:00 [INF] Runtime folder verified: Exports
2026-08-23 11:23:28.738 +03:00 [INF] Runtime folder verified: Temp
2026-08-23 11:23:28.822 +03:00 [INF] UI culture applied: ar-EG
2026-08-23 11:23:28.864 +03:00 [INF] Theme applied: Dark
2026-08-23 11:23:28.881 +03:00 [INF] Currency formatting applied: EGP (Before, 2 dp)
2026-08-23 11:23:29.004 +03:00 [INF] Remembered session restored. UserId="cbdae80e-cd81-4891-b80f-8e7faeb03d01"
2026-08-23 11:23:29.122 +03:00 [INF] Report opened: Reports Dashboard
2026-08-23 11:23:29.218 +03:00 [INF] Report generated: Reports Dashboard in 91 ms
2026-08-23 11:23:29.219 +03:00 [INF] Report opened: Sales Summary
2026-08-23 11:23:29.220 +03:00 [INF] Report generated: Sales Summary in 1 ms
2026-08-23 11:23:45.333 +03:00 [WRN] You do not have a valid license key for the Lucky Penny software AutoMapper. This is allowed for development and testing scenarios. If you are running in production you are required to have a licensed version. Please visit https://luckypennysoftware.com to obtain a valid license.
2026-08-23 11:23:45.592 +03:00 [INF] POS invoice re-opened. Invoice=POS-20260823073841702-B9E6 Lines=0
2026-08-23 11:25:03.478 +03:00 [INF] Applying database migrations
2026-08-23 11:25:03.619 +03:00 [INF] Acquiring an exclusive lock for migration application. See https://aka.ms/efcore-docs-migrations-lock for more information if this takes too long.
2026-08-23 11:25:03.689 +03:00 [INF] No migrations were applied. The database is already up to date.
2026-08-23 11:25:04.071 +03:00 [INF] Database seed completed
2026-08-23 11:25:04.074 +03:00 [INF] Application started. Press Ctrl+C to shut down.
2026-08-23 11:25:04.074 +03:00 [INF] Hosting environment: Production
2026-08-23 11:25:04.075 +03:00 [INF] Content root path: E:\EL ZEABAK BookStore\EL ZEABAK BookStore
2026-08-23 11:25:04.075 +03:00 [INF] Application start
2026-08-23 11:25:04.075 +03:00 [INF] Runtime folder verified: Database
2026-08-23 11:25:04.076 +03:00 [INF] Runtime folder verified: Logs
2026-08-23 11:25:04.076 +03:00 [INF] Runtime folder verified: Backups
2026-08-23 11:25:04.076 +03:00 [INF] Runtime folder verified: Exports
2026-08-23 11:25:04.076 +03:00 [INF] Runtime folder verified: Temp
2026-08-23 11:25:04.167 +03:00 [INF] UI culture applied: ar-EG
2026-08-23 11:25:04.210 +03:00 [INF] Theme applied: Dark
2026-08-23 11:25:04.231 +03:00 [INF] Currency formatting applied: EGP (Before, 2 dp)
2026-08-23 11:25:04.372 +03:00 [INF] Remembered session restored. UserId="cbdae80e-cd81-4891-b80f-8e7faeb03d01"
2026-08-23 11:25:04.506 +03:00 [INF] Report opened: Reports Dashboard
2026-08-23 11:25:04.607 +03:00 [INF] Report generated: Reports Dashboard in 101 ms
2026-08-23 11:25:04.608 +03:00 [INF] Report opened: Sales Summary
2026-08-23 11:25:04.612 +03:00 [INF] Report generated: Sales Summary in 4 ms
2026-08-23 11:25:20.692 +03:00 [WRN] You do not have a valid license key for the Lucky Penny software AutoMapper. This is allowed for development and testing scenarios. If you are running in production you are required to have a licensed version. Please visit https://luckypennysoftware.com to obtain a valid license.
2026-08-23 11:25:20.955 +03:00 [INF] POS invoice re-opened. Invoice=POS-20260823073841702-B9E6 Lines=0
2026-08-23 11:27:05.203 +03:00 [INF] Applying database migrations
2026-08-23 11:27:05.348 +03:00 [INF] Acquiring an exclusive lock for migration application. See https://aka.ms/efcore-docs-migrations-lock for more information if this takes too long.
2026-08-23 11:27:05.417 +03:00 [INF] No migrations were applied. The database is already up to date.
2026-08-23 11:27:05.780 +03:00 [INF] Database seed completed
2026-08-23 11:27:05.783 +03:00 [INF] Application started. Press Ctrl+C to shut down.
2026-08-23 11:27:05.783 +03:00 [INF] Hosting environment: Production
2026-08-23 11:27:05.783 +03:00 [INF] Content root path: E:\EL ZEABAK BookStore\EL ZEABAK BookStore
2026-08-23 11:27:05.783 +03:00 [INF] Application start
2026-08-23 11:27:05.784 +03:00 [INF] Runtime folder verified: Database
2026-08-23 11:27:05.784 +03:00 [INF] Runtime folder verified: Logs
2026-08-23 11:27:05.784 +03:00 [INF] Runtime folder verified: Backups
2026-08-23 11:27:05.784 +03:00 [INF] Runtime folder verified: Exports
2026-08-23 11:27:05.784 +03:00 [INF] Runtime folder verified: Temp
2026-08-23 11:27:05.871 +03:00 [INF] UI culture applied: ar-EG
2026-08-23 11:27:05.911 +03:00 [INF] Theme applied: Dark
2026-08-23 11:27:05.928 +03:00 [INF] Currency formatting applied: EGP (Before, 2 dp)
2026-08-23 11:27:06.056 +03:00 [INF] Remembered session restored. UserId="cbdae80e-cd81-4891-b80f-8e7faeb03d01"
2026-08-23 11:27:06.194 +03:00 [INF] Report opened: Reports Dashboard
2026-08-23 11:27:06.296 +03:00 [INF] Report generated: Reports Dashboard in 102 ms
2026-08-23 11:27:06.298 +03:00 [INF] Report opened: Sales Summary
2026-08-23 11:27:06.298 +03:00 [INF] Report generated: Sales Summary in 0 ms
2026-08-23 11:27:22.412 +03:00 [WRN] You do not have a valid license key for the Lucky Penny software AutoMapper. This is allowed for development and testing scenarios. If you are running in production you are required to have a licensed version. Please visit https://luckypennysoftware.com to obtain a valid license.
2026-08-23 11:27:22.689 +03:00 [INF] POS invoice re-opened. Invoice=POS-20260823073841702-B9E6 Lines=0
2026-08-23 11:34:35.829 +03:00 [INF] Applying database migrations
2026-08-23 11:34:35.976 +03:00 [INF] Acquiring an exclusive lock for migration application. See https://aka.ms/efcore-docs-migrations-lock for more information if this takes too long.
2026-08-23 11:34:36.052 +03:00 [INF] No migrations were applied. The database is already up to date.
2026-08-23 11:34:36.415 +03:00 [INF] Database seed completed
2026-08-23 11:34:36.417 +03:00 [INF] Application started. Press Ctrl+C to shut down.
2026-08-23 11:34:36.418 +03:00 [INF] Hosting environment: Production
2026-08-23 11:34:36.418 +03:00 [INF] Content root path: E:\EL ZEABAK BookStore\EL ZEABAK BookStore
2026-08-23 11:34:36.418 +03:00 [INF] Application start
2026-08-23 11:34:36.419 +03:00 [INF] Runtime folder verified: Database
2026-08-23 11:34:36.419 +03:00 [INF] Runtime folder verified: Logs
2026-08-23 11:34:36.419 +03:00 [INF] Runtime folder verified: Backups
2026-08-23 11:34:36.419 +03:00 [INF] Runtime folder verified: Exports
2026-08-23 11:34:36.419 +03:00 [INF] Runtime folder verified: Temp
2026-08-23 11:34:36.507 +03:00 [INF] UI culture applied: ar-EG
2026-08-23 11:34:36.549 +03:00 [INF] Theme applied: Light
2026-08-23 11:34:36.568 +03:00 [INF] Currency formatting applied: EGP (Before, 2 dp)
2026-08-23 11:34:36.690 +03:00 [INF] Remembered session restored. UserId="cbdae80e-cd81-4891-b80f-8e7faeb03d01"
2026-08-23 11:34:36.823 +03:00 [INF] Report opened: Reports Dashboard
2026-08-23 11:34:36.915 +03:00 [INF] Report generated: Reports Dashboard in 92 ms
2026-08-23 11:34:36.917 +03:00 [INF] Report opened: Sales Summary
2026-08-23 11:34:36.918 +03:00 [INF] Report generated: Sales Summary in 0 ms
2026-08-23 22:26:03.296 +03:00 [INF] Applying database migrations
2026-08-23 22:26:03.492 +03:00 [INF] Acquiring an exclusive lock for migration application. See https://aka.ms/efcore-docs-migrations-lock for more information if this takes too long.
2026-08-23 22:26:03.569 +03:00 [INF] No migrations were applied. The database is already up to date.
2026-08-23 22:26:04.037 +03:00 [INF] Database seed completed
2026-08-23 22:26:04.040 +03:00 [INF] Application started. Press Ctrl+C to shut down.
2026-08-23 22:26:04.040 +03:00 [INF] Hosting environment: Production
2026-08-23 22:26:04.041 +03:00 [INF] Content root path: E:\EL ZEABAK BookStore\EL ZEABAK BookStore
2026-08-23 22:26:04.041 +03:00 [INF] Application start
2026-08-23 22:26:04.041 +03:00 [INF] Runtime folder verified: Database
2026-08-23 22:26:04.042 +03:00 [INF] Runtime folder verified: Logs
2026-08-23 22:26:04.042 +03:00 [INF] Runtime folder verified: Backups
2026-08-23 22:26:04.042 +03:00 [INF] Runtime folder verified: Exports
2026-08-23 22:26:04.043 +03:00 [INF] Runtime folder verified: Temp
2026-08-23 22:26:04.149 +03:00 [INF] UI culture applied: ar-EG
2026-08-23 22:26:04.196 +03:00 [INF] Theme applied: Light
2026-08-23 22:26:04.217 +03:00 [INF] Currency formatting applied: EGP (Before, 2 dp)
2026-08-23 22:26:07.162 +03:00 [INF] Application shutdown
2026-08-23 22:26:07.164 +03:00 [INF] Application is shutting down...
